// Jest Snapshot v1, https://goo.gl/fbAQLP

exports[`<LayoutContainer /> should render and match the snapshot 1`] = `
<div
  className="flex h-screen bg-light-mode-content-bg dark:bg-dark-mode-content-bg text-gray-500 dark:text-gray-200"
>
  <NavSidebar
    handleIsSidebarOpen={[Function]}
    isSidebarOpen={false}
  />
  <div
    className="flex flex-col flex-1 w-full"
  >
    <Header
      handleIsSidebarOpen={[Function]}
    />
    <Content>
      <Switch>
        <Route
          exact={true}
          path="/home"
          render={[Function]}
        />
        <Route
          exact={true}
          path="/upload"
          render={[Function]}
        />
        <Route
          exact={true}
          path="/search"
          render={[Function]}
        />
        <Route
          exact={true}
          path="/search/:name/:id"
          render={[Function]}
        />
        <Route
          exact={true}
          path="/watch/:id"
          render={[Function]}
        />
        <Route
          exact={true}
          path="/login-7418aea8d26de12ba31dd214a440d1ab"
          render={[Function]}
        />
        <Route
          exact={true}
          path="/admin-4bdc293d9f98a165016106a88a8d44e7"
          render={[Function]}
        />
        <Route
          exact={true}
          path="/about"
          render={[Function]}
        />
        <Route
          exact={true}
          path="/404"
          render={[Function]}
        />
        <Redirect
          exact={true}
          from="/"
          to="/home"
        />
        <Route
          component={[Function]}
        />
      </Switch>
    </Content>
  </div>
</div>
`;
